Viewport <#document> at (0,0) content-size 800x600 children: not-inline
  BlockContainer <html> at (0,0) content-size 800x50.9375 [BFC] children: not-inline
    BlockContainer <body> at (8,8) content-size 784x34.9375 children: not-inline
      BlockContainer <(anonymous)> at (8,8) content-size 784x17.46875 children: inline
        line 0 width: 27.15625, height: 17.46875, bottom: 17.46875, baseline: 13.53125
          frag 0 from TextNode start: 0, length: 3, rect: [8,8 27.15625x17.46875]
            "foo"
        TextNode <#text>
      BlockContainer <(anonymous)> at (8,25.46875) content-size 784x17.46875 children: inline
        line 0 width: 27.640625, height: 17.46875, bottom: 17.46875, baseline: 13.53125
          frag 0 from TextNode start: 0, length: 3, rect: [8,25.46875 27.640625x17.46875]
            "bar"
        TextNode <#text>

ViewportPaintable (Viewport<#document>) [0,0 800x600]
  PaintableWithLines (BlockContainer<HTML>) [0,0 800x50.9375]
    PaintableWithLines (BlockContainer<BODY>) [8,8 784x34.9375]
      PaintableWithLines (BlockContainer(anonymous)) [8,8 784x17.46875]
        TextPaintable (TextNode<#text>)
      PaintableWithLines (BlockContainer(anonymous)) [8,25.46875 784x17.46875]
        TextPaintable (TextNode<#text>)
