Port1: "Hello"
Port1: {"foo":{}}
Port1: "DONE"
Port2: "Hello"
Port3: "Hello from the transferred port"
Port2: "DONE"
