Got message from worker: "loaded"
Got message from worker: {"msg":"marco"}
DONE
