Viewport <#document> at (0,0) content-size 800x600 children: not-inline
  BlockContainer <html> at (0,0) content-size 800x0 children: not-inline
    BlockContainer <body.outer> at (8,8) content-size 0x0 positioned children: not-inline
      BlockContainer <div.inner> at (9,9) content-size 0x0 positioned children: inline
        TextNode <#text>
