Viewport <#document> at (0,0) content-size 800x600 children: not-inline
  BlockContainer <html> at (1,1) content-size 798x30 children: not-inline
    BlockContainer <body> at (10,10) content-size 780x12 children: not-inline
      BlockContainer <(anonymous)> at (10,10) content-size 780x0 children: inline
        TextNode <#text>
      Box <div.flex-container> at (11,11) content-size 600x10 flex-container(row) children: not-inline
        BlockContainer <(anonymous)> at (11,11) content-size 0x0 children: inline
          TextNode <#text>
        BlockContainer <div.flex-item> at (12,72) content-size 24.859375x18.000007 flex-item children: inline
          line 0 width: 24.859375, height: 19.359375, bottom: 19.359375, baseline: 15.5
            frag 0 from TextNode start: 0, length: 3, rect: [12,72 24.859375x19.359375]
              "foo"
          TextNode <#text>
        BlockContainer <(anonymous)> at (11,11) content-size 0x0 children: inline
          TextNode <#text>
